#-----------------------------------------------------------
# Vivado v2023.1 (64-bit)
# SW Build 3865809 on Sun May  7 15:05:29 MDT 2023
# IP Build 3864474 on Sun May  7 20:36:21 MDT 2023
# SharedData Build 3865790 on Sun May 07 13:33:03 MDT 2023
# Start of session at: Mon Nov 13 17:52:24 2023
# Process ID: 18236
# Current directory: C:/Users/ryanh/Documents/projects/fpga/ili9341_controller/ili9341_controller.runs/tft_clk_wiz_synth_1
# Command line: vivado.exe -log tft_clk_wiz.vds -product Vivado -mode batch -messageDb vivado.pb -notrace -source tft_clk_wiz.tcl
# Log file: C:/Users/ryanh/Documents/projects/fpga/ili9341_controller/ili9341_controller.runs/tft_clk_wiz_synth_1/tft_clk_wiz.vds
# Journal file: C:/Users/ryanh/Documents/projects/fpga/ili9341_controller/ili9341_controller.runs/tft_clk_wiz_synth_1\vivado.jou
# Running On: LAPTOP-78477V77, OS: Windows, CPU Frequency: 3294 MHz, CPU Physical cores: 12, Host memory: 15775 MB
#-----------------------------------------------------------
source tft_clk_wiz.tcl -notrace
